  antimag.cpp
  ConsoleApplication1.cpp
  Evil.cpp
C:\Users\admin\source\repos\ConsoleApplication1\ConsoleApplication1\antimag.cpp(1,10): error C1083: Не удается открыть файл включение: AntiMage.h: No such file or directory,
  Lina.cpp
  main.cpp
C:\Users\admin\source\repos\ConsoleApplication1\ConsoleApplication1\main.cpp(8,10): error C1083: Не удается открыть файл включение: AntiMage.h: No such file or directory,
  Treasure.cpp
C:\Users\admin\source\repos\ConsoleApplication1\ConsoleApplication1\Treasure.cpp(1,10): error C1083: Не удается открыть файл включение: Treasure.h: No such file or directory,
  TrollWarlord.cpp
C:\Users\admin\source\repos\ConsoleApplication1\ConsoleApplication1\TrollWarlord.cpp(1,9): error C2143: синтаксическая ошибка: отсутствие ";" перед "строка"
C:\Users\admin\source\repos\ConsoleApplication1\ConsoleApplication1\TrollWarlord.cpp(1,1): error C4430: отсутствует спецификатор типа - предполагается int. Примечание. C++ не поддерживает int по умолчанию
C:\Users\admin\source\repos\ConsoleApplication1\ConsoleApplication1\TrollWarlord.cpp(1,9): error C2059: синтаксическая ошибка: строка
C:\Program Files\Microsoft Visual Studio\2022\Community\VC\Tools\MSVC\14.44.35207\include\sal.h(2361,12): error C2143: синтаксическая ошибка: отсутствие ";" перед "{"
  (компиляция исходного файла "TrollWarlord.cpp")
  
C:\Program Files\Microsoft Visual Studio\2022\Community\VC\Tools\MSVC\14.44.35207\include\sal.h(2361,12): error C2447: {: отсутствует заголовок функции (возможно, используется формальный список старого типа)
  (компиляция исходного файла "TrollWarlord.cpp")
  
C:\Users\admin\source\repos\ConsoleApplication1\ConsoleApplication1\TrollWarlord.cpp(4,1): error C2653: TrollWarlord: не является именем класса или пространства имен
C:\Users\admin\source\repos\ConsoleApplication1\ConsoleApplication1\TrollWarlord.cpp(4,15): error C4430: отсутствует спецификатор типа - предполагается int. Примечание. C++ не поддерживает int по умолчанию
C:\Users\admin\source\repos\ConsoleApplication1\ConsoleApplication1\TrollWarlord.cpp(7,5): error C3861: SetName: идентификатор не найден
C:\Users\admin\source\repos\ConsoleApplication1\ConsoleApplication1\TrollWarlord.cpp(8,5): error C3861: AddDamage: идентификатор не найден
C:\Users\admin\source\repos\ConsoleApplication1\ConsoleApplication1\TrollWarlord.cpp(9,5): error C3861: AddArmor: идентификатор не найден
C:\Users\admin\source\repos\ConsoleApplication1\ConsoleApplication1\TrollWarlord.cpp(12,5): error C2065: strength: необъявленный идентификатор
C:\Users\admin\source\repos\ConsoleApplication1\ConsoleApplication1\TrollWarlord.cpp(15,5): error C2065: weapons: необъявленный идентификатор
C:\Users\admin\source\repos\ConsoleApplication1\ConsoleApplication1\TrollWarlord.cpp(16,5): error C2065: weapons: необъявленный идентификатор
C:\Users\admin\source\repos\ConsoleApplication1\ConsoleApplication1\TrollWarlord.cpp(17,5): error C2065: weapons: необъявленный идентификатор
C:\Users\admin\source\repos\ConsoleApplication1\ConsoleApplication1\TrollWarlord.cpp(18,5): error C2065: weapons: необъявленный идентификатор
C:\Users\admin\source\repos\ConsoleApplication1\ConsoleApplication1\TrollWarlord.cpp(19,1): warning C4508: TrollWarlord: функция должна возвращать значение; предполагается возвращаемый тип "void"
C:\Users\admin\source\repos\ConsoleApplication1\ConsoleApplication1\TrollWarlord.cpp(21,6): error C2653: TrollWarlord: не является именем класса или пространства имен
C:\Users\admin\source\repos\ConsoleApplication1\ConsoleApplication1\TrollWarlord.cpp(27,5): error C3861: SetName: идентификатор не найден
C:\Users\admin\source\repos\ConsoleApplication1\ConsoleApplication1\TrollWarlord.cpp(28,5): error C3861: SetHealth: идентификатор не найден
C:\Users\admin\source\repos\ConsoleApplication1\ConsoleApplication1\TrollWarlord.cpp(29,5): error C2653: Npc: не является именем класса или пространства имен
C:\Users\admin\source\repos\ConsoleApplication1\ConsoleApplication1\TrollWarlord.cpp(32,6): error C2653: TrollWarlord: не является именем класса или пространства имен
C:\Users\admin\source\repos\ConsoleApplication1\ConsoleApplication1\TrollWarlord.cpp(32,20): error C2270: GetInfo: модификаторы недопустимы для функций, не являющихся членами
C:\Users\admin\source\repos\ConsoleApplication1\ConsoleApplication1\TrollWarlord.cpp(35,5): error C2653: Npc: не является именем класса или пространства имен
C:\Users\admin\source\repos\ConsoleApplication1\ConsoleApplication1\TrollWarlord.cpp(36,34): error C2065: strength: необъявленный идентификатор
C:\Users\admin\source\repos\ConsoleApplication1\ConsoleApplication1\TrollWarlord.cpp(33,1): error C1075: "{": не найдена несоответствующая лексема
  Создание кода...
